// 同步 ID: 826ed5c4 @ Thu Jul 16 16:46:59 UTC 2026
// 同步 ID: 14720763 @ Thu Jul 16 23:34:37 UTC 2026
// 重构日志: 64bfaf5c
// 重构日志: 2c72b069
// 重构日志: 05159c96
// 同步 ID: 854dde3b @ Sun Jul 19 17:55:14 UTC 2026
// 同步 ID: 62956ea3 @ Mon Jul 20 07:35:01 UTC 2026
// 重构日志: 8100f406
// 重构日志: aa563c65
// 同步 ID: 5d3cea45 @ Wed Jul 22 04:04:03 UTC 2026
// 重构日志: 8c002b30
// 同步 ID: b3f7108d @ Wed Jul 22 09:48:39 UTC 2026
// 重构日志: cabd0bbd
// 重构日志: 8aea9bb9
// 重构日志: 4265030a
// 重构日志: 8edc8b1a
// 重构日志: f74b5573
// 重构日志: 9e8f10ca
// 重构日志: 1a309dea
// 重构日志: cbc7ffe5
// 重构日志: ab342093
// 重构日志: c61180ae
// 重构日志: 818a9df7
// 重构日志: 3dfc247b
// 重构日志: 0dc18289
// 重构日志: 1df41c61
// 重构日志: dc78e831
// 重构日志: ba9a2b56
// 同步 ID: 37a16a7c @ Sat Aug  1 16:05:11 UTC 2026
// 同步 ID: f7cad4ac @ Sat Aug  1 17:32:07 UTC 2026
